Using cache found in /root/.cache/torch/hub/facebookresearch_dinov2_main
/root/.cache/torch/hub/facebookresearch_dinov2_main/dinov2/layers/swiglu_ffn.py:51: UserWarning: xFormers is not available (SwiGLU)
  warnings.warn("xFormers is not available (SwiGLU)")
/root/.cache/torch/hub/facebookresearch_dinov2_main/dinov2/layers/attention.py:33: UserWarning: xFormers is not available (Attention)
  warnings.warn("xFormers is not available (Attention)")
/root/.cache/torch/hub/facebookresearch_dinov2_main/dinov2/layers/block.py:40: UserWarning: xFormers is not available (Block)
  warnings.warn("xFormers is not available (Block)")
============================================================
LoRA Fine-Tuning Experiment (parameterized)
  rank=8 alpha=16 mix=0.7 layers=all
  seed=44 model=dinov2_vitb14 corruption=low_light epochs=10
============================================================
Device: cuda

>>> Loading CIFAR-10
Test: 1000, Train: 5000

>>> Loading DINOv2

>>> Applying adaptation to attention layers
Total params: 87,022,848
Trainable (LoRA/adapters): 442,368 (0.51%)
LoRA modules: 24 across 12 targeted block(s)
Training: 5000 images (70% corruption aug, low_light)

>>> Training
  Epoch 1/10: loss=0.6064, acc=0.8058
  Epoch 2/10: loss=0.1427, acc=0.9544
  Epoch 3/10: loss=0.0820, acc=0.9752
  Epoch 4/10: loss=0.0558, acc=0.9844
  Epoch 5/10: loss=0.0304, acc=0.9940
  Epoch 6/10: loss=0.0162, acc=0.9988
  Epoch 7/10: loss=0.0084, acc=1.0000
  Epoch 8/10: loss=0.0051, acc=1.0000
  Epoch 9/10: loss=0.0039, acc=1.0000
Using cache found in /root/.cache/torch/hub/facebookresearch_dinov2_main
  Epoch 10/10: loss=0.0026, acc=1.0000
Saved lora_training_curves.png
Saved lora_adapters.pt (48 adapter tensors)

>>> Extracting embeddings with LoRA model
  severity 0: (1000, 768)
  severity 1: (1000, 768)
  severity 2: (1000, 768)
  severity 3: (1000, 768)
  severity 4: (1000, 768)
  severity 5: (1000, 768)

>>> Linear probe evaluation
  severity 0: 0.980
  severity 1: 0.987
  severity 2: 0.980
  severity 3: 0.953
  severity 4: 0.837
  severity 5: 0.420

>>> Loading original DINOv2 for comparison

>>> Generating comparison plots
Saved lora_vs_orig_accuracy.png

============================================================
LORA EXPERIMENT COMPLETE
============================================================

Config: corruption=low_light, model=dinov2_vitb14, layers=all
  rank=8, alpha=16, per-block ranks={0: 8, 1: 8, 2: 8, 3: 8, 4: 8, 5: 8, 6: 8, 7: 8, 8: 8, 9: 8, 10: 8, 11: 8}
  mix=0.7, seed=44, epochs=10
Trainable: 442,368 / 87,022,848 (0.51%)
Training: 10 epochs, 5000 images (70% low_light aug)

Severity     Original       LoRA      Delta
------------------------------------------
0              0.9767     0.9800    +0.0033
1              0.9767     0.9867    +0.0100
2              0.9367     0.9800    +0.0433
3              0.7833     0.9533    +0.1700
4              0.4167     0.8367    +0.4200
5              0.1500     0.4200    +0.2700

Mean accuracy: Original=0.7067, LoRA=0.8594, Delta=+0.1528
Sev 5 (darkest): Original=0.1500, LoRA=0.4200, Delta=+0.2700

--- Verdict ---
✅ LoRA improved mean accuracy by +0.1528
✅ LoRA improved worst-case (sev 5) by +0.2700
============================================================
