Using cache found in /root/.cache/torch/hub/facebookresearch_dinov2_main
/root/.cache/torch/hub/facebookresearch_dinov2_main/dinov2/layers/swiglu_ffn.py:51: UserWarning: xFormers is not available (SwiGLU)
  warnings.warn("xFormers is not available (SwiGLU)")
/root/.cache/torch/hub/facebookresearch_dinov2_main/dinov2/layers/attention.py:33: UserWarning: xFormers is not available (Attention)
  warnings.warn("xFormers is not available (Attention)")
/root/.cache/torch/hub/facebookresearch_dinov2_main/dinov2/layers/block.py:40: UserWarning: xFormers is not available (Block)
  warnings.warn("xFormers is not available (Block)")
============================================================
LoRA Fine-Tuning Experiment (parameterized)
  rank=8 alpha=16 mix=0.7 layers=drift
  seed=43 model=dinov2_vitb14 corruption=low_light epochs=10
============================================================
Device: cuda

>>> Loading CIFAR-10
Test: 1000, Train: 5000

>>> Loading DINOv2

>>> Applying adaptation to attention layers
  Drift profile from drift_sev5_low_light.csv
  Drift-weighted ranks: {0: 2, 1: 4, 2: 4, 3: 5, 4: 7, 5: 7, 6: 7, 7: 7, 8: 7, 9: 7, 10: 8, 11: 8}
Total params: 86,916,864
Trainable (LoRA/adapters): 336,384 (0.39%)
LoRA modules: 24 across 12 targeted block(s)
Training: 5000 images (70% corruption aug, low_light)

>>> Training
  Epoch 1/10: loss=0.6177, acc=0.8056
  Epoch 2/10: loss=0.1518, acc=0.9520
  Epoch 3/10: loss=0.0918, acc=0.9728
  Epoch 4/10: loss=0.0577, acc=0.9828
  Epoch 5/10: loss=0.0365, acc=0.9914
  Epoch 6/10: loss=0.0199, acc=0.9970
  Epoch 7/10: loss=0.0105, acc=0.9994
  Epoch 8/10: loss=0.0097, acc=0.9990
  Epoch 9/10: loss=0.0069, acc=0.9994
Using cache found in /root/.cache/torch/hub/facebookresearch_dinov2_main
  Epoch 10/10: loss=0.0031, acc=1.0000
Saved lora_training_curves.png
Saved lora_adapters.pt (48 adapter tensors)

>>> Extracting embeddings with LoRA model
  severity 0: (1000, 768)
  severity 1: (1000, 768)
  severity 2: (1000, 768)
  severity 3: (1000, 768)
  severity 4: (1000, 768)
  severity 5: (1000, 768)

>>> Linear probe evaluation
  severity 0: 0.987
  severity 1: 0.983
  severity 2: 0.987
  severity 3: 0.967
  severity 4: 0.823
  severity 5: 0.427

>>> Loading original DINOv2 for comparison

>>> Generating comparison plots
Saved lora_vs_orig_accuracy.png

============================================================
LORA EXPERIMENT COMPLETE
============================================================

Config: corruption=low_light, model=dinov2_vitb14, layers=drift
  rank=8, alpha=16, per-block ranks={0: 2, 1: 4, 2: 4, 3: 5, 4: 7, 5: 7, 6: 7, 7: 7, 8: 7, 9: 7, 10: 8, 11: 8}
  mix=0.7, seed=43, epochs=10
Trainable: 336,384 / 86,916,864 (0.39%)
Training: 10 epochs, 5000 images (70% low_light aug)

Severity     Original       LoRA      Delta
------------------------------------------
0              0.9733     0.9867    +0.0133
1              0.9633     0.9833    +0.0200
2              0.9400     0.9867    +0.0467
3              0.7533     0.9667    +0.2133
4              0.3133     0.8233    +0.5100
5              0.1633     0.4267    +0.2633

Mean accuracy: Original=0.6844, LoRA=0.8622, Delta=+0.1778
Sev 5 (darkest): Original=0.1633, LoRA=0.4267, Delta=+0.2633

--- Verdict ---
✅ LoRA improved mean accuracy by +0.1778
✅ LoRA improved worst-case (sev 5) by +0.2633
============================================================
