Using cache found in /root/.cache/torch/hub/facebookresearch_dinov2_main
/root/.cache/torch/hub/facebookresearch_dinov2_main/dinov2/layers/swiglu_ffn.py:51: UserWarning: xFormers is not available (SwiGLU)
  warnings.warn("xFormers is not available (SwiGLU)")
/root/.cache/torch/hub/facebookresearch_dinov2_main/dinov2/layers/attention.py:33: UserWarning: xFormers is not available (Attention)
  warnings.warn("xFormers is not available (Attention)")
/root/.cache/torch/hub/facebookresearch_dinov2_main/dinov2/layers/block.py:40: UserWarning: xFormers is not available (Block)
  warnings.warn("xFormers is not available (Block)")
============================================================
LoRA Fine-Tuning Experiment (parameterized)
  rank=8 alpha=16 mix=0.7 layers=late
  seed=43 model=dinov2_vitb14 corruption=low_light epochs=10
============================================================
Device: cuda

>>> Loading CIFAR-10
Test: 1000, Train: 5000

>>> Loading DINOv2

>>> Applying adaptation to attention layers
Total params: 86,691,072
Trainable (LoRA/adapters): 110,592 (0.13%)
LoRA modules: 6 across 3 targeted block(s)
Training: 5000 images (70% corruption aug, low_light)

>>> Training
  Epoch 1/10: loss=0.7399, acc=0.7588
  Epoch 2/10: loss=0.3271, acc=0.8856
  Epoch 3/10: loss=0.2491, acc=0.9138
  Epoch 4/10: loss=0.1937, acc=0.9350
  Epoch 5/10: loss=0.1508, acc=0.9492
  Epoch 6/10: loss=0.1192, acc=0.9670
  Epoch 7/10: loss=0.0933, acc=0.9742
  Epoch 8/10: loss=0.0771, acc=0.9814
  Epoch 9/10: loss=0.0520, acc=0.9902
Using cache found in /root/.cache/torch/hub/facebookresearch_dinov2_main
  Epoch 10/10: loss=0.0372, acc=0.9944
Saved lora_training_curves.png
Saved lora_adapters.pt (12 adapter tensors)

>>> Extracting embeddings with LoRA model
  severity 0: (1000, 768)
  severity 1: (1000, 768)
  severity 2: (1000, 768)
  severity 3: (1000, 768)
  severity 4: (1000, 768)
  severity 5: (1000, 768)

>>> Linear probe evaluation
  severity 0: 0.970
  severity 1: 0.967
  severity 2: 0.950
  severity 3: 0.893
  severity 4: 0.573
  severity 5: 0.237

>>> Loading original DINOv2 for comparison

>>> Generating comparison plots
Saved lora_vs_orig_accuracy.png

============================================================
LORA EXPERIMENT COMPLETE
============================================================

Config: corruption=low_light, model=dinov2_vitb14, layers=late
  rank=8, alpha=16, per-block ranks={9: 8, 10: 8, 11: 8}
  mix=0.7, seed=43, epochs=10
Trainable: 110,592 / 86,691,072 (0.13%)
Training: 10 epochs, 5000 images (70% low_light aug)

Severity     Original       LoRA      Delta
------------------------------------------
0              0.9733     0.9700    -0.0033
1              0.9633     0.9667    +0.0033
2              0.9400     0.9500    +0.0100
3              0.7533     0.8933    +0.1400
4              0.3133     0.5733    +0.2600
5              0.1633     0.2367    +0.0733

Mean accuracy: Original=0.6844, LoRA=0.7650, Delta=+0.0806
Sev 5 (darkest): Original=0.1633, LoRA=0.2367, Delta=+0.0733

--- Verdict ---
✅ LoRA improved mean accuracy by +0.0806
✅ LoRA improved worst-case (sev 5) by +0.0733
============================================================
