/root/.cache/torch/hub/facebookresearch_dinov2_main/dinov2/layers/swiglu_ffn.py:51: UserWarning: xFormers is not available (SwiGLU)
  warnings.warn("xFormers is not available (SwiGLU)")
/root/.cache/torch/hub/facebookresearch_dinov2_main/dinov2/layers/attention.py:33: UserWarning: xFormers is not available (Attention)
  warnings.warn("xFormers is not available (Attention)")
/root/.cache/torch/hub/facebookresearch_dinov2_main/dinov2/layers/block.py:40: UserWarning: xFormers is not available (Block)
  warnings.warn("xFormers is not available (Block)")
============================================================
LoRA Fine-Tuning Experiment (parameterized)
  rank=8 alpha=16 mix=0.7 layers=all
  seed=43 model=dinov2_vitb14 corruption=low_light epochs=10
============================================================
Device: cuda

>>> Loading CIFAR-10
Test: 1000, Train: 5000

>>> Loading DINOv2
Downloading: "https://github.com/facebookresearch/dinov2/zipball/main" to /root/.cache/torch/hub/main.zip
Downloading: "https://dl.fbaipublicfiles.com/dinov2/dinov2_vitb14/dinov2_vitb14_pretrain.pth" to /root/.cache/torch/hub/checkpoints/dinov2_vitb14_pretrain.pth
  0%|          | 0.00/330M [00:00<?, ?B/s]  2%|▏         | 7.12M/330M [00:00<00:04, 70.0MB/s] 14%|█▍        | 46.8M/330M [00:00<00:01, 268MB/s]  28%|██▊       | 92.1M/330M [00:00<00:00, 361MB/s] 39%|███▉      | 129M/330M [00:00<00:00, 372MB/s]  52%|█████▏    | 171M/330M [00:00<00:00, 395MB/s] 64%|██████▎   | 210M/330M [00:00<00:00, 400MB/s] 77%|███████▋  | 254M/330M [00:00<00:00, 421MB/s] 91%|█████████ | 299M/330M [00:00<00:00, 437MB/s]100%|██████████| 330M/330M [00:00<00:00, 398MB/s]

>>> Applying adaptation to attention layers
Total params: 87,022,848
Trainable (LoRA/adapters): 442,368 (0.51%)
LoRA modules: 24 across 12 targeted block(s)
Training: 5000 images (70% corruption aug, low_light)

>>> Training
  Epoch 1/10: loss=0.5842, acc=0.8192
  Epoch 2/10: loss=0.1548, acc=0.9534
  Epoch 3/10: loss=0.0912, acc=0.9708
  Epoch 4/10: loss=0.0568, acc=0.9844
  Epoch 5/10: loss=0.0354, acc=0.9912
  Epoch 6/10: loss=0.0187, acc=0.9970
  Epoch 7/10: loss=0.0102, acc=0.9998
  Epoch 8/10: loss=0.0078, acc=0.9996
  Epoch 9/10: loss=0.0041, acc=1.0000
Using cache found in /root/.cache/torch/hub/facebookresearch_dinov2_main
  Epoch 10/10: loss=0.0028, acc=1.0000
Saved lora_training_curves.png
Saved lora_adapters.pt (48 adapter tensors)

>>> Extracting embeddings with LoRA model
  severity 0: (1000, 768)
  severity 1: (1000, 768)
  severity 2: (1000, 768)
  severity 3: (1000, 768)
  severity 4: (1000, 768)
  severity 5: (1000, 768)

>>> Linear probe evaluation
  severity 0: 0.990
  severity 1: 0.987
  severity 2: 0.983
  severity 3: 0.963
  severity 4: 0.840
  severity 5: 0.450

>>> Loading original DINOv2 for comparison

>>> Generating comparison plots
Saved lora_vs_orig_accuracy.png

============================================================
LORA EXPERIMENT COMPLETE
============================================================

Config: corruption=low_light, model=dinov2_vitb14, layers=all
  rank=8, alpha=16, per-block ranks={0: 8, 1: 8, 2: 8, 3: 8, 4: 8, 5: 8, 6: 8, 7: 8, 8: 8, 9: 8, 10: 8, 11: 8}
  mix=0.7, seed=43, epochs=10
Trainable: 442,368 / 87,022,848 (0.51%)
Training: 10 epochs, 5000 images (70% low_light aug)

Severity     Original       LoRA      Delta
------------------------------------------
0              0.9733     0.9900    +0.0167
1              0.9633     0.9867    +0.0233
2              0.9400     0.9833    +0.0433
3              0.7533     0.9633    +0.2100
4              0.3133     0.8400    +0.5267
5              0.1633     0.4500    +0.2867

Mean accuracy: Original=0.6844, LoRA=0.8689, Delta=+0.1844
Sev 5 (darkest): Original=0.1633, LoRA=0.4500, Delta=+0.2867

--- Verdict ---
✅ LoRA improved mean accuracy by +0.1844
✅ LoRA improved worst-case (sev 5) by +0.2867
============================================================
