/root/.cache/torch/hub/facebookresearch_dinov2_main/dinov2/layers/swiglu_ffn.py:51: UserWarning: xFormers is not available (SwiGLU)
  warnings.warn("xFormers is not available (SwiGLU)")
/root/.cache/torch/hub/facebookresearch_dinov2_main/dinov2/layers/attention.py:33: UserWarning: xFormers is not available (Attention)
  warnings.warn("xFormers is not available (Attention)")
/root/.cache/torch/hub/facebookresearch_dinov2_main/dinov2/layers/block.py:40: UserWarning: xFormers is not available (Block)
  warnings.warn("xFormers is not available (Block)")
============================================================
LoRA Fine-Tuning Experiment (parameterized)
  rank=8 alpha=16 mix=0.7 layers=all
  seed=42 model=dinov2_vitb14 corruption=low_light epochs=10
============================================================
Device: cuda

>>> Loading CIFAR-10
Test: 1000, Train: 5000

>>> Loading DINOv2
Downloading: "https://github.com/facebookresearch/dinov2/zipball/main" to /root/.cache/torch/hub/main.zip
Downloading: "https://dl.fbaipublicfiles.com/dinov2/dinov2_vitb14/dinov2_vitb14_pretrain.pth" to /root/.cache/torch/hub/checkpoints/dinov2_vitb14_pretrain.pth
  0%|          | 0.00/330M [00:00<?, ?B/s] 10%|▉         | 32.1M/330M [00:00<00:00, 337MB/s] 19%|█▉        | 64.2M/330M [00:00<00:00, 334MB/s] 29%|██▉       | 96.2M/330M [00:00<00:00, 325MB/s] 39%|███▊      | 127M/330M [00:00<00:01, 165MB/s]  52%|█████▏    | 172M/330M [00:00<00:00, 230MB/s] 63%|██████▎   | 208M/330M [00:00<00:00, 266MB/s] 74%|███████▍  | 244M/330M [00:00<00:00, 294MB/s] 84%|████████▍ | 277M/330M [00:01<00:00, 303MB/s] 95%|█████████▍| 313M/330M [00:01<00:00, 323MB/s]100%|██████████| 330M/330M [00:01<00:00, 287MB/s]

>>> Applying adaptation to attention layers
Total params: 87,022,848
Trainable (LoRA/adapters): 442,368 (0.51%)
LoRA modules: 24 across 12 targeted block(s)
Training: 5000 images (70% corruption aug, low_light)

>>> Training
  Epoch 1/10: loss=0.5707, acc=0.8194
  Epoch 2/10: loss=0.1607, acc=0.9520
  Epoch 3/10: loss=0.0997, acc=0.9690
  Epoch 4/10: loss=0.0645, acc=0.9818
  Epoch 5/10: loss=0.0454, acc=0.9892
  Epoch 6/10: loss=0.0233, acc=0.9948
  Epoch 7/10: loss=0.0152, acc=0.9980
  Epoch 8/10: loss=0.0082, acc=0.9994
  Epoch 9/10: loss=0.0055, acc=1.0000
Using cache found in /root/.cache/torch/hub/facebookresearch_dinov2_main
  Epoch 10/10: loss=0.0034, acc=1.0000
Saved lora_training_curves.png
Saved lora_adapters.pt (48 adapter tensors)

>>> Extracting embeddings with LoRA model
  severity 0: (1000, 768)
  severity 1: (1000, 768)
  severity 2: (1000, 768)
  severity 3: (1000, 768)
  severity 4: (1000, 768)
  severity 5: (1000, 768)

>>> Linear probe evaluation
  severity 0: 0.973
  severity 1: 0.973
  severity 2: 0.970
  severity 3: 0.930
  severity 4: 0.797
  severity 5: 0.427

>>> Loading original DINOv2 for comparison

>>> Generating comparison plots
Saved lora_vs_orig_accuracy.png

============================================================
LORA EXPERIMENT COMPLETE
============================================================

Config: corruption=low_light, model=dinov2_vitb14, layers=all
  rank=8, alpha=16, per-block ranks={0: 8, 1: 8, 2: 8, 3: 8, 4: 8, 5: 8, 6: 8, 7: 8, 8: 8, 9: 8, 10: 8, 11: 8}
  mix=0.7, seed=42, epochs=10
Trainable: 442,368 / 87,022,848 (0.51%)
Training: 10 epochs, 5000 images (70% low_light aug)

Severity     Original       LoRA      Delta
------------------------------------------
0              0.9500     0.9733    +0.0233
1              0.9567     0.9733    +0.0167
2              0.9333     0.9700    +0.0367
3              0.7867     0.9300    +0.1433
4              0.4167     0.7967    +0.3800
5              0.1567     0.4267    +0.2700

Mean accuracy: Original=0.7000, LoRA=0.8450, Delta=+0.1450
Sev 5 (darkest): Original=0.1567, LoRA=0.4267, Delta=+0.2700

--- Verdict ---
✅ LoRA improved mean accuracy by +0.1450
✅ LoRA improved worst-case (sev 5) by +0.2700
============================================================
